------------------------------------------------------------
Timing Analyzer Summary
------------------------------------------------------------

Type  : Slow 1100mV 85C Model Setup 'clk'
Slack : 1.626
TNS   : 0.000

Type  : Slow 1100mV 85C Model Hold 'clk'
Slack : 0.337
TNS   : 0.000

Type  : Slow 1100mV 85C Model Recovery 'clk'
Slack : 2.143
TNS   : 0.000

Type  : Slow 1100mV 85C Model Removal 'clk'
Slack : 1.671
TNS   : 0.000

Type  : Slow 1100mV 85C Model Minimum Pulse Width 'clk'
Slack : 3.578
TNS   : 0.000

Type  : Slow 1100mV 0C Model Setup 'clk'
Slack : 1.455
TNS   : 0.000

Type  : Slow 1100mV 0C Model Hold 'clk'
Slack : 0.317
TNS   : 0.000

Type  : Slow 1100mV 0C Model Recovery 'clk'
Slack : 2.300
TNS   : 0.000

Type  : Slow 1100mV 0C Model Removal 'clk'
Slack : 1.579
TNS   : 0.000

Type  : Slow 1100mV 0C Model Minimum Pulse Width 'clk'
Slack : 3.552
TNS   : 0.000

Type  : Fast 1100mV 85C Model Setup 'clk'
Slack : 5.579
TNS   : 0.000

Type  : Fast 1100mV 85C Model Hold 'clk'
Slack : 0.178
TNS   : 0.000

Type  : Fast 1100mV 85C Model Recovery 'clk'
Slack : 5.888
TNS   : 0.000

Type  : Fast 1100mV 85C Model Removal 'clk'
Slack : 0.799
TNS   : 0.000

Type  : Fast 1100mV 85C Model Minimum Pulse Width 'clk'
Slack : 3.899
TNS   : 0.000

Type  : Fast 1100mV 0C Model Setup 'clk'
Slack : 6.109
TNS   : 0.000

Type  : Fast 1100mV 0C Model Hold 'clk'
Slack : 0.163
TNS   : 0.000

Type  : Fast 1100mV 0C Model Recovery 'clk'
Slack : 6.353
TNS   : 0.000

Type  : Fast 1100mV 0C Model Removal 'clk'
Slack : 0.725
TNS   : 0.000

Type  : Fast 1100mV 0C Model Minimum Pulse Width 'clk'
Slack : 3.890
TNS   : 0.000

------------------------------------------------------------
