
Allocating common symbols
Common symbol       size              file

MAIN_MEM            0x4               /tmp/ccWVyW2Y.o
PROG_MEM            0x4               /tmp/ccWVyW2Y.o

Memory Configuration

Name             Origin             Length             Attributes
*default*        0x0000000000000000 0xffffffffffffffff

Linker script and memory map

LOAD /tmp/ccLlFoB8.o
LOAD /tmp/ccWVyW2Y.o

.memory         0x0000000000000000      0x178
                0x0000000000000000                . = 0x0
 *(.init)
 .init          0x0000000000000000       0x10 /tmp/ccLlFoB8.o
 *(.text)
 .text          0x0000000000000010        0x0 /tmp/ccLlFoB8.o
 .text          0x0000000000000010       0x64 /tmp/ccWVyW2Y.o
                0x0000000000000010                uart_setdiv
                0x000000000000001c                uart_getwait
                0x0000000000000028                uart_wait
                0x0000000000000038                uart_putc
                0x000000000000004c                uart_puts
 *(*)
 .data          0x0000000000000074        0x0 /tmp/ccLlFoB8.o
 .bss           0x0000000000000074        0x0 /tmp/ccLlFoB8.o
 .rela.text.startup
                0x0000000000000074        0x0 /tmp/ccLlFoB8.o
 .data          0x0000000000000074        0x0 /tmp/ccWVyW2Y.o
 .bss           0x0000000000000074        0x0 /tmp/ccWVyW2Y.o
 .text.startup  0x0000000000000074       0xe0 /tmp/ccWVyW2Y.o
                0x0000000000000074                main
 .rodata.str1.4
                0x0000000000000154        0x8 /tmp/ccWVyW2Y.o
                                          0x7 (size before relaxing)
 .comment       0x000000000000015c       0x11 /tmp/ccWVyW2Y.o
                                         0x12 (size before relaxing)
 *fill*         0x000000000000016d        0x3 
 COMMON         0x0000000000000170        0x8 /tmp/ccWVyW2Y.o
                0x0000000000000170                MAIN_MEM
                0x0000000000000174                PROG_MEM
                0x0000000000000178                . = ALIGN (0x4)
                0x0000000000000178                end = .
LOAD /opt/riscv32i/lib/gcc/riscv32-unknown-elf/8.2.0/libgcc.a
OUTPUT(boot.elf elf32-littleriscv)
