
Allocating common symbols
Common symbol       size              file

MAIN_MEM            0x4               /tmp/cc7Zc2Jx.o
PROG_MEM            0x4               /tmp/cc7Zc2Jx.o
PC_SOFT_RESET       0x4               /tmp/cc7Zc2Jx.o

Memory Configuration

Name             Origin             Length             Attributes
*default*        0x0000000000000000 0xffffffffffffffff

Linker script and memory map

LOAD /tmp/ccOxlEtt.o
LOAD /tmp/cc7Zc2Jx.o

.memory         0x0000000000000000      0x3c8
                0x0000000000000000                . = 0x0
 *(.init)
 .init          0x0000000000000000       0x10 /tmp/ccOxlEtt.o
 *(.text)
 .text          0x0000000000000010        0x0 /tmp/ccOxlEtt.o
 .text          0x0000000000000010      0x178 /tmp/cc7Zc2Jx.o
                0x0000000000000010                putchar
                0x0000000000000048                print
                0x000000000000007c                print_hex
                0x00000000000000fc                getchar_prompt
                0x0000000000000180                getchar
 *(*)
 .data          0x0000000000000188        0x0 /tmp/ccOxlEtt.o
 .bss           0x0000000000000188        0x0 /tmp/ccOxlEtt.o
 .rela.init     0x0000000000000188        0x0 /tmp/ccOxlEtt.o
 .rela.text.startup
                0x0000000000000188        0x0 /tmp/ccOxlEtt.o
 .data          0x0000000000000188        0x0 /tmp/cc7Zc2Jx.o
 .bss           0x0000000000000188        0x0 /tmp/cc7Zc2Jx.o
 .text.startup  0x0000000000000188      0x190 /tmp/cc7Zc2Jx.o
                0x0000000000000188                main
 .rodata.str1.4
                0x0000000000000318       0x90 /tmp/cc7Zc2Jx.o
 .comment       0x00000000000003a8       0x11 /tmp/cc7Zc2Jx.o
                                         0x12 (size before relaxing)
 *fill*         0x00000000000003b9        0x3 
 COMMON         0x00000000000003bc        0xc /tmp/cc7Zc2Jx.o
                0x00000000000003bc                MAIN_MEM
                0x00000000000003c0                PROG_MEM
                0x00000000000003c4                PC_SOFT_RESET
                0x00000000000003c8                . = ALIGN (0x4)
                0x00000000000003c8                end = .
LOAD /opt/riscv/bin/../lib/gcc/riscv32-unknown-elf/7.2.0/libgcc.a
LOAD /opt/riscv/bin/../lib/gcc/riscv32-unknown-elf/7.2.0/../../../../riscv32-unknown-elf/lib/libc.a
OUTPUT(boot.elf elf32-littleriscv)
