
Allocating common symbols
Common symbol       size              file

MAIN_MEM            0x4               /tmp/ccRAuMk5.o
PROG_MEM            0x4               /tmp/ccRAuMk5.o

Memory Configuration

Name             Origin             Length             Attributes
*default*        0x0000000000000000 0xffffffffffffffff

Linker script and memory map

LOAD /tmp/ccBub1Dj.o
LOAD /tmp/ccRAuMk5.o

.memory         0x0000000000000000      0x86c
                0x0000000000000000                . = 0x0
 *(.init)
 .init          0x0000000000000000       0x10 /tmp/ccBub1Dj.o
 *(.text)
 .text          0x0000000000000010        0x0 /tmp/ccBub1Dj.o
 .text          0x0000000000000010      0x6f0 /tmp/ccRAuMk5.o
                0x0000000000000010                putchar
                0x0000000000000034                print
                0x0000000000000074                print_hex
                0x000000000000030c                print_dec
                0x0000000000000624                getchar_prompt
                0x00000000000006e0                getchar
 *(*)
 .data          0x0000000000000700        0x0 /tmp/ccBub1Dj.o
 .bss           0x0000000000000700        0x0 /tmp/ccBub1Dj.o
 .rela.init     0x0000000000000700        0x0 /tmp/ccBub1Dj.o
 .rela.text.startup
                0x0000000000000700        0x0 /tmp/ccBub1Dj.o
 .data          0x0000000000000700        0x0 /tmp/ccRAuMk5.o
 .bss           0x0000000000000700        0x0 /tmp/ccRAuMk5.o
 .text.startup  0x0000000000000700       0xd0 /tmp/ccRAuMk5.o
                0x0000000000000700                main
 .rodata.str1.4
                0x00000000000007d0       0x80 /tmp/ccRAuMk5.o
                                         0x7e (size before relaxing)
 .comment       0x0000000000000850       0x11 /tmp/ccRAuMk5.o
                                         0x12 (size before relaxing)
 *fill*         0x0000000000000861        0x3 
 COMMON         0x0000000000000864        0x8 /tmp/ccRAuMk5.o
                0x0000000000000864                MAIN_MEM
                0x0000000000000868                PROG_MEM
                0x000000000000086c                . = ALIGN (0x4)
                0x000000000000086c                end = .
LOAD /opt/riscv/bin/../lib/gcc/riscv32-unknown-elf/7.2.0/libgcc.a
OUTPUT(boot.elf elf32-littleriscv)
