
Allocating common symbols
Common symbol       size              file

flag                0x4               /tmp/ccG0AHBN.o
vect                0x4               /tmp/ccG0AHBN.o

Memory Configuration

Name             Origin             Length             Attributes
*default*        0x0000000000000000 0xffffffffffffffff

Linker script and memory map

LOAD /tmp/ccyRJC7U.o
LOAD /tmp/ccG0AHBN.o

.memory         0x0000000000000000      0x608
                0x0000000000000000                . = 0x0
 *(.init)
 .init          0x0000000000000000       0x10 /tmp/ccyRJC7U.o
 *(.text)
 .text          0x0000000000000010        0x0 /tmp/ccyRJC7U.o
 .text          0x0000000000000010      0x430 /tmp/ccG0AHBN.o
                0x0000000000000010                putchar
                0x0000000000000048                print
                0x000000000000007c                print_hex
                0x00000000000000fc                print_dec
                0x00000000000003b4                getchar_prompt
                0x0000000000000438                getchar
 *(*)
 .data          0x0000000000000440        0x0 /tmp/ccyRJC7U.o
 .bss           0x0000000000000440        0x0 /tmp/ccyRJC7U.o
 .rela.init     0x0000000000000440        0x0 /tmp/ccyRJC7U.o
 .rela.text.startup
                0x0000000000000440        0x0 /tmp/ccyRJC7U.o
 .data          0x0000000000000440        0x0 /tmp/ccG0AHBN.o
 .bss           0x0000000000000440        0x0 /tmp/ccG0AHBN.o
 .text.startup  0x0000000000000440      0x168 /tmp/ccG0AHBN.o
                0x0000000000000440                main
 .rodata.str1.4
                0x00000000000005a8       0x44 /tmp/ccG0AHBN.o
 .comment       0x00000000000005ec       0x11 /tmp/ccG0AHBN.o
                                         0x12 (size before relaxing)
 *fill*         0x00000000000005fd        0x3 
 COMMON         0x0000000000000600        0x8 /tmp/ccG0AHBN.o
                0x0000000000000600                flag
                0x0000000000000604                vect
                0x0000000000000608                . = ALIGN (0x4)
                0x0000000000000608                end = .
LOAD /opt/riscv/bin/../lib/gcc/riscv32-unknown-elf/7.2.0/libgcc.a
LOAD /opt/riscv/bin/../lib/gcc/riscv32-unknown-elf/7.2.0/../../../../riscv32-unknown-elf/lib/libc.a
OUTPUT(firmware.elf elf32-littleriscv)
