
Allocating common symbols
Common symbol       size              file

flag                0x4               /tmp/cciQehLL.o
vect                0x4               /tmp/cciQehLL.o

Memory Configuration

Name             Origin             Length             Attributes
*default*        0x0000000000000000 0xffffffffffffffff

Linker script and memory map

LOAD /tmp/cc3ZioQV.o
LOAD /tmp/cciQehLL.o

.memory         0x0000000000000000      0x6f4
                0x0000000000000000                . = 0x0
 *(.init)
 .init          0x0000000000000000       0x10 /tmp/cc3ZioQV.o
 *(.text)
 .text          0x0000000000000010        0x0 /tmp/cc3ZioQV.o
 .text          0x0000000000000010      0x2c4 /tmp/cciQehLL.o
                0x0000000000000010                led_set
                0x000000000000001c                uart_setdiv
                0x0000000000000028                uart_getwait
                0x0000000000000034                uart_wait
                0x0000000000000044                uart_getdiv
                0x0000000000000050                uart_putc
                0x0000000000000064                uart_puts
                0x000000000000008c                uart_printf
                0x00000000000001ec                spiMasterInit
                0x0000000000000264                spiMasterWrite
                0x000000000000027c                spiMasterRead
                0x0000000000000294                spiSlaveWrite
                0x00000000000002a0                spiSlaveRead
                0x00000000000002b4                memcpy
 *(*)
 .data          0x00000000000002d4        0x0 /tmp/cc3ZioQV.o
 .bss           0x00000000000002d4        0x0 /tmp/cc3ZioQV.o
 .rela.text.startup
                0x00000000000002d4        0x0 /tmp/cc3ZioQV.o
 .data          0x00000000000002d4        0x0 /tmp/cciQehLL.o
 .bss           0x00000000000002d4        0x0 /tmp/cciQehLL.o
 .text.startup  0x00000000000002d4      0x380 /tmp/cciQehLL.o
                0x00000000000002d4                main
 .rodata.str1.4
                0x0000000000000654       0x80 /tmp/cciQehLL.o
 .sbss          0x00000000000006d4        0x4 /tmp/cciQehLL.o
 .sdata         0x00000000000006d8        0x1 /tmp/cciQehLL.o
 .comment       0x00000000000006d9       0x11 /tmp/cciQehLL.o
                                         0x12 (size before relaxing)
 *fill*         0x00000000000006ea        0x2 
 COMMON         0x00000000000006ec        0x8 /tmp/cciQehLL.o
                0x00000000000006ec                flag
                0x00000000000006f0                vect
                0x00000000000006f4                . = ALIGN (0x4)
                0x00000000000006f4                end = .
LOAD /opt/riscv32i/lib/gcc/riscv32-unknown-elf/8.2.0/libgcc.a
OUTPUT(firmware.elf elf32-littleriscv)
