Fitter Status : Successful - Wed Mar 22 09:26:30 2017
Quartus Prime Version : 16.1.2 Build 203 01/18/2017 SJ Standard Edition
Revision Name : Golden_top
Top-level Entity Name : Golden_top
Family : Stratix V
Device : 5SGXEA7N2F45C2
Timing Models : Final
Logic utilization (in ALMs) : 1,872 / 234,720 ( < 1 % )
Total registers : 2644
Total pins : 131 / 1,064 ( 12 % )
Total virtual pins : 0
Total block memory bits : 13,158,144 / 52,428,800 ( 25 % )
Total RAM Blocks : 810 / 2,560 ( 32 % )
Total DSP Blocks : 2 / 256 ( < 1 % )
Total HSSI STD RX PCSs : 0 / 48 ( 0 % )
Total HSSI 10G RX PCSs : 0 / 48 ( 0 % )
Total HSSI GEN3 RX PCSs : 0 / 48 ( 0 % )
Total HSSI PMA RX Deserializers : 0 / 48 ( 0 % )
Total HSSI STD TX PCSs : 0 / 48 ( 0 % )
Total HSSI 10G TX PCSs : 0 / 48 ( 0 % )
Total HSSI GEN3 TX PCSs : 0 / 48 ( 0 % )
Total HSSI PMA TX Serializers : 0 / 48 ( 0 % )
Total HSSI PIPE GEN1_2s : 0 / 48 ( 0 % )
Total HSSI GEN3s : 0 / 48 ( 0 % )
Total PLLs : 0 / 92 ( 0 % )
Total DLLs : 0 / 4 ( 0 % )
